// Jest Snapshot v1, https://goo.gl/fbAQLP

exports[`Pruebas en <GifItem /> debe de hacer match con el snapshot 1`] = `
<div>
  <div
    class="card"
  >
    <img
      alt="Saitama"
      src="http://onepunch.saitama.com/index.php"
    />
    <p>
      Saitama
    </p>
  </div>
</div>
`;
